"blank"          		"=========================="
"blank"          		"QUICKSAVES"
"blank"          		"=========================="
"save quicksave"      	"Create Quicksave"
"load quicksave"      	"Load Quicksave"
"save quicksave2"      	"Create Second Quicksave"
"load quicksave2"      	"Load Second Quicksave"
"save quicksave3"      	"Create Third Quicksave"
"load quicksave3"      	"Load Third Quicksave"
"blank"					"=========================="
"blank"					"RESETTING"
"blank"					"=========================="
"restart;sv_cheats 0;set_loading_progress_detente #INTROSCREEN_HINT_PC #INTROSCREEN_HINT_CONSOLE" "Individual Level Reset"
"fgr" "Any% Reset"
"fgr;hr" "All Helmets Reset"
"hr" "Reset Helmets"
"blank"					"=========================="
"blank"					"#KEY_BINDINGS_HEADER_ACTIONS"
"blank"					"=========================="
"+attack"				"#FIRE"
"+zoom"					"#AIM_MODIFIER"
"+toggle_zoom"			"#TOGGLE_AIM_MODIFIER"
"+reload"				"#RELOAD"
"+weaponCycle"			"#SWITCH_WEAPONS_PILOT"
"weaponSelectPrimary0"	"#SWITCH_TO_WEAPON1"
"weaponSelectPrimary1"	"#SWITCH_TO_WEAPON2"
"weaponSelectPrimary2"	"#SWITCH_TO_WEAPON3"
"+melee"				"#MELEE"
"+offhand0"				"#ORDNANCE_GRENADE"
"+offhand1"				"#TACTICAL_ABILITY"
"+offhand2"				"#TITAN_UTILITY_BIND"
"+use"					"#USE_DISEMBARK"
"+scriptCommand1"		"#DISABLE_EJECT_SAFETY_TITAN"
"+ability 1"			"#SWITCH_TITAN_AI_MODE_PILOT"
"+ability 6"			"#KEYBINDING_MENU_BURN_CARD"
"titan_loadout_select"	"#TITAN_LOADOUT_SELECT"
"blank"					"=========================="
"blank"					"#KEY_BINDINGS_HEADER_MOVEMENT"
"blank"					"=========================="
"+forward"				"#MOVE_FORWARD"
"+back"					"#MOVE_BACK"
"+moveleft"				"#MOVE_LEFT"
"+moveright"			"#MOVE_RIGHT"
"+speed"				"#SPRINT"
"+ability 3"			"#JUMP_PILOT_DASH_TITAN"
"+duck"					"#CROUCH"
"+toggle_duck"			"#TOGGLE_CROUCH"
"blank"					"=========================="
"blank"					"#KEY_BINDINGS_HEADER_COMMUNICATION"
"blank"					"=========================="
"+pushtotalk"			"#PUSH_TO_TALK_KEY"
"say"					"#CHAT_MESSAGE"
"say_team"				"#TEAM_CHAT_MESSAGE"
"blank"					"=========================="
"blank"					"#KEY_BINDINGS_HEADER_SCOREBOARD"
"blank"					"=========================="
"+showscores"			"#TOGGLE_SCOREBOARD"
"scoreboard_toggle_focus" "#SCOREBOARD_FOCUS"
"scoreboard_up"			"#SCOREBOARD_SCROLL_UP"
"scoreboard_down"		"#SCOREBOARD_SCROLL_DOWN"
"scoreboard_profile"	"#SCOREBOARD_VIEW_PROFILE"
"scoreboard_mute"		"#SCOREBOARD_MUTE"
"blank"					"=========================="
"blank"					"#KEY_BINDINGS_HEADER_MISCELLANEOUS"
"blank"					"=========================="
"jpeg"					"#SCREENSHOT"
"toggleconsole"			"Toggle Console"
"blank"					"=========================="
"blank"					"ANY% NO CUTSCENE SAVES"
"blank"					"=========================="
"load fastany1;lp" 		"Load NCS Save 1"
"load fastany2;lp" 		"Load NCS Save 2"
"load fastany3;lp" 		"Load NCS Save 3"
"load fastany3SATCHEL;lp" 	"Load NCS Save 3 (Satchel)"
"load fastany4;lp" 		"Load NCS Save 4"
"load fastany4SATCHEL;lp" 	"Load NCS Save 4 (Satchel)"
"load fastany4FRAG;lp" 	"Load NCS Save 4 (Frag)"
"load fastany5;lp" 		"Load NCS Save 5"
"load fastany6;lp" 		"Load NCS Save 6"
"load fastany7;lp" 		"Load NCS Save 7"
"load fastany8;lp" 		"Load NCS Save 8"
"load fastany9;lp" 		"Load NCS Save 9"
"blank"					"=========================="
"blank"					"ALL HELMETS NO CUTSCENE SAVES"
"blank"					"=========================="
"load fasthelms2;lp" 	"Load NCS Helmet 1"
"load fasthelms5;lp" 	"Load NCS Helmet 2"
"blank"					"=========================="
"blank"					"TAS"
"blank"					"=========================="
"toggle host_timescale 0.05 1" "0.05x Timescale"
"toggle host_timescale 0.2 1" "0.2x Timescale"
"toggle host_timescale 5 1" "5x Timescale"